{
    "Runs the legacy count_genome route": {
        "content": [
            [
                [
                    {
                        "id": "workflow_rtstop",
                        "sample_id": "workflow_rtstop",
                        "principle": "RT-stop",
                        "organism": "Homo sapiens",
                        "single_end": true,
                        "sample_group": "workflow_line",
                        "replicate": "rep1",
                        "condition": "treated"
                    },
                    "workflow_rtstop.sorted.bam:md5,d41d8cd98f00b204e9800998ecf8427e"
                ]
            ],
            {
                "BEDOPS_GTF2BED": {
                    "bedops": "2.4.42"
                },
                "CAT_FASTQ": {
                    "cat": 9.5
                },
                "CUTADAPT_RTSTOP": {
                    "cutadapt": 5.2
                },
                "FASTA_SORT_LOCAL": {
                    "seqkit": "2.9.0"
                },
                "FASTQC_POST": {
                    "fastqc": "0.12.1"
                },
                "FASTQC_PRE": {
                    "fastqc": "0.12.1"
                },
                "MERGE_BP": {
                    "python": "3.12.12"
                },
                "MERGE_BP_TRANSCRIPT": {
                    "python": "3.12.12"
                },
                "MERGE_SHANNON_WIG": {
                    "cat": 9.11
                },
                "MERGE_WIG": {
                    "cat": 9.11
                },
                "RNAFRAMEWORK_DOTPLOT2BP": {
                    "python": "3.12.12"
                },
                "RNAFRAMEWORK_DOTPLOT2BP_TRANSCRIPT": {
                    "python": "3.12.12"
                },
                "RNAFRAMEWORK_RFCOUNT_GENOME": {
                    "rnaframework": "2.9.7"
                },
                "RNAFRAMEWORK_RFFOLD": {
                    "rnaframework": "2.9.7"
                },
                "RNAFRAMEWORK_RFNORM": {
                    "rnaframework": "2.9.7"
                },
                "RNAFRAMEWORK_RFRCTOOLS_EXTRACT": {
                    "rnaframework": "2.9.7"
                },
                "RNAFRAMEWORK_RFWIGGLE": {
                    "rnaframework": "2.9.7"
                },
                "RNAFRAMEWORK_TORDAT": {
                    "python": "3.12.12"
                },
                "RSEQC_INFEREXPERIMENT": {
                    "rseqc": "5.0.4"
                },
                "SAMTOOLS_FLAGSTAT": {
                    "samtools": "1.23.1"
                },
                "SAMTOOLS_IDXSTATS": {
                    "samtools": "1.23.1"
                },
                "SAMTOOLS_INDEX_FINAL": {
                    "samtools": "1.23.1"
                },
                "SAMTOOLS_INDEX_SORT": {
                    "samtools": "1.23.1"
                },
                "SAMTOOLS_SORT": {
                    "samtools": "1.23.1"
                },
                "SAMTOOLS_STATS": {
                    "samtools": "1.23.1"
                },
                "STAR_ALIGN_RTSTOP": {
                    "gawk": "5.1.0",
                    "samtools": 1.21,
                    "star": "2.7.11b"
                },
                "STAR_GENOMEGENERATE": {
                    "gawk": "5.1.0",
                    "samtools": 1.21,
                    "star": "2.7.11b"
                },
                "UCSC_WIGTOBIGWIG_TRANSCRIPT_REACTIVITY": {
                    "ucsc": 482
                },
                "UCSC_WIGTOBIGWIG_TRANSCRIPT_SHANNON": {
                    "ucsc": 482
                },
                "VIENNARNA": {
                    "viennarna": "2.7.2"
                },
                "WIG_CHROM_SIZES_REACTIVITY": {
                    "python": "3.12.12"
                },
                "WIG_CHROM_SIZES_SHANNON": {
                    "python": "3.12.12"
                },
                "WIG_TO_GENOME_REACTIVITY": {
                    "python": "3.12.12"
                },
                "WIG_TO_GENOME_SHANNON": {
                    "python": "3.12.12"
                },
                "Workflow": {
                    "nf-core/rnastructurome": "v1.0.1dev"
                }
            }
        ],
        "timestamp": "2026-09-07T11:08:18.683376",
        "meta": {
            "nf-test": "0.9.4",
            "nextflow": "26.04.3"
        }
    },
    "Runs with a minimal RT-stop sample": {
        "content": [
            [
                [
                    {
                        "id": "workflow_rtstop",
                        "sample_id": "workflow_rtstop",
                        "principle": "RT-stop",
                        "organism": "Homo sapiens",
                        "single_end": true,
                        "sample_group": "workflow_line",
                        "replicate": "rep1",
                        "condition": "treated"
                    },
                    "workflow_rtstop.sorted.bam:md5,d41d8cd98f00b204e9800998ecf8427e"
                ]
            ],
            {
                "BOWTIE_ALIGN": {
                    "bowtie": "1.3.1",
                    "gzip": 1.12,
                    "samtools": 1.21
                },
                "BOWTIE_BUILD": {
                    "bowtie": "1.3.1"
                },
                "CAT_FASTQ": {
                    "cat": 9.5
                },
                "CUTADAPT_RTSTOP": {
                    "cutadapt": 5.2
                },
                "FASTA_SORT_LOCAL": {
                    "seqkit": "2.9.0"
                },
                "FASTQC_POST": {
                    "fastqc": "0.12.1"
                },
                "FASTQC_PRE": {
                    "fastqc": "0.12.1"
                },
                "MERGE_BP": {
                    "python": "3.12.12"
                },
                "MERGE_BP_TRANSCRIPT": {
                    "python": "3.12.12"
                },
                "MERGE_SHANNON_WIG": {
                    "cat": 9.11
                },
                "MERGE_WIG": {
                    "cat": 9.11
                },
                "RNAFRAMEWORK_DOTPLOT2BP": {
                    "python": "3.12.12"
                },
                "RNAFRAMEWORK_DOTPLOT2BP_TRANSCRIPT": {
                    "python": "3.12.12"
                },
                "RNAFRAMEWORK_RFCOUNT": {
                    "rnaframework": "2.9.7"
                },
                "RNAFRAMEWORK_RFFOLD": {
                    "rnaframework": "2.9.7"
                },
                "RNAFRAMEWORK_RFNORM": {
                    "rnaframework": "2.9.7"
                },
                "RNAFRAMEWORK_RFWIGGLE": {
                    "rnaframework": "2.9.7"
                },
                "RNAFRAMEWORK_TORDAT": {
                    "python": "3.12.12"
                },
                "SAMTOOLS_FLAGSTAT": {
                    "samtools": "1.23.1"
                },
                "SAMTOOLS_IDXSTATS": {
                    "samtools": "1.23.1"
                },
                "SAMTOOLS_INDEX_FINAL": {
                    "samtools": "1.23.1"
                },
                "SAMTOOLS_INDEX_SORT": {
                    "samtools": "1.23.1"
                },
                "SAMTOOLS_SORT": {
                    "samtools": "1.23.1"
                },
                "SAMTOOLS_STATS": {
                    "samtools": "1.23.1"
                },
                "UCSC_WIGTOBIGWIG_TRANSCRIPT_REACTIVITY": {
                    "ucsc": 482
                },
                "UCSC_WIGTOBIGWIG_TRANSCRIPT_SHANNON": {
                    "ucsc": 482
                },
                "VIENNARNA": {
                    "viennarna": "2.7.2"
                },
                "WIG_CHROM_SIZES_REACTIVITY": {
                    "python": "3.12.12"
                },
                "WIG_CHROM_SIZES_SHANNON": {
                    "python": "3.12.12"
                },
                "WIG_TO_GENOME_REACTIVITY": {
                    "python": "3.12.12"
                },
                "WIG_TO_GENOME_SHANNON": {
                    "python": "3.12.12"
                },
                "Workflow": {
                    "nf-core/rnastructurome": "v1.0.1dev"
                }
            }
        ],
        "timestamp": "2026-09-07T11:07:30.795406",
        "meta": {
            "nf-test": "0.9.4",
            "nextflow": "26.04.3"
        }
    }
}